// Jest Snapshot v1, https://goo.gl/fbAQLP

exports[`Card test All fields are correct renders properly 1`] = `ShallowWrapper {}`;
